../Core/Src/audio_aec_bf_pcm.c:181:17:AudioAEC_FlatIndex	16	static
../Core/Src/audio_aec_bf_pcm.c:186:17:AudioAEC_GetInternalMem	16	static
../Core/Src/audio_aec_bf_pcm.c:196:14:AudioBF_WrapDeg360	16	static
../Core/Src/audio_aec_bf_pcm.c:203:14:AudioBF_AngDiffDeg	24	static
../Core/Src/audio_aec_bf_pcm.c:244:17:AudioBF_SelectDirectedPairIndexFromAz	40	static
../Core/Src/audio_aec_bf_pcm.c:268:13:AudioBF_SelectPairFromAz	48	static
../Core/Src/audio_aec_bf_pcm.c:289:17:AudioBF_DegToTenths	24	static
../Core/Src/audio_aec_bf_pcm.c:297:17:AudioBF_ErrorDegToTenths	16	static
../Core/Src/audio_aec_bf_pcm.c:303:16:AudioBF_DegToX10	24	static
../Core/Src/audio_aec_bf_pcm.c:322:13:AudioBF_UART1_DebugPrint	296	static
../Core/Src/audio_aec_bf_pcm.c:366:13:AudioBF_UpdateLegacyDebugFromStream	16	static
../Core/Src/audio_aec_bf_pcm.c:382:13:AudioBF_UpdateTargetPairFromAz	56	static
../Core/Src/audio_aec_bf_pcm.c:416:6:AudioBF_SetTargetAzDegForStream	16	static
../Core/Src/audio_aec_bf_pcm.c:430:6:AudioBF_ClearTargetForStream	16	static
../Core/Src/audio_aec_bf_pcm.c:446:6:AudioBF_SetTargetAzDeg	16	static
../Core/Src/audio_aec_bf_pcm.c:451:6:AudioBF_ClearTarget	8	static
../Core/Src/audio_aec_bf_pcm.c:456:13:AudioBF_Copy_TDM4CH_U16_To_S16_1ms	24	static
../Core/Src/audio_aec_bf_pcm.c:469:13:AudioBF_Pack_TDM4CH_Pair_To_2CH_1ms	32	static
../Core/Src/audio_aec_bf_pcm.c:486:13:AudioBF_Bypass_TDM4CH_Average_To_Mono_1ms	24	static
../Core/Src/audio_aec_bf_pcm.c:502:13:AudioAEC_InitOne	40	static
../Core/Src/audio_aec_bf_pcm.c:561:13:AudioAEC_Init	16	static
../Core/Src/audio_aec_bf_pcm.c:578:23:AudioAEC_GetReference1ms	16	static
../Core/Src/audio_aec_bf_pcm.c:589:13:AudioAEC_Process_TDM4CH_1ms	64	static
../Core/Src/audio_aec_bf_pcm.c:640:6:AudioAEC_SetReferenceFrame	24	static
../Core/Src/audio_aec_bf_pcm.c:668:6:AudioAEC_ClearReferenceFrame	8	static
../Core/Src/audio_aec_bf_pcm.c:675:13:AudioBF_InitOne	24	static
../Core/Src/audio_aec_bf_pcm.c:763:10:AudioProcessForStream	56	static
../Core/Src/audio_aec_bf_pcm.c:846:10:AudioProcess	24	static
../Core/Src/audio_aec_bf_pcm.c:860:6:Audio_Libraries_Init	16	static
../Core/Src/audio_aec_bf_pcm.c:869:6:SW_Task1_Callback	8	static
../Core/Src/audio_aec_bf_pcm.c:875:6:SW_Task1_Start	8	static
../Core/Src/audio_aec_bf_pcm.c:888:13:BF_CleanDCacheRange	40	static,ignoring_inline_asm
../Core/Src/audio_aec_bf_pcm.c:897:6:AudioBF_SetLastElevationForStream	16	static
../Core/Src/audio_aec_bf_pcm.c:908:7:AudioBF_GetLastElevationForStream	16	static
../Core/Src/audio_aec_bf_pcm.c:923:9:AudioBF_GetLastElevationValidForStream	16	static
../Core/Src/audio_aec_bf_pcm.c:933:13:BF_Send_to_PC	160	static
../Core/Src/audio_aec_bf_pcm.c:1050:13:CM7_InvalidateDCacheRange	40	static,ignoring_inline_asm
../Core/Src/audio_aec_bf_pcm.c:1059:17:AudioShared_GetActiveStreamMask	8	static
../Core/Src/audio_aec_bf_pcm.c:1066:16:AudioShared_IsStreamActive	16	static
../Core/Src/audio_aec_bf_pcm.c:1076:17:AudioShared_GetSlotOffset	16	static
../Core/Src/audio_aec_bf_pcm.c:1081:16:AudioShared_CopySlotToLocal	48	static,ignoring_inline_asm
../Core/Src/audio_aec_bf_pcm.c:1144:17:AEC_BF_ProcessOneStream	24	static
../Core/Src/audio_aec_bf_pcm.c:1182:17:AudioBF_BuildStereoUsbOut	32	static
../Core/Src/audio_aec_bf_pcm.c:1213:6:AEC_BF_Process	24	static
