../Core/Src/Feedback360Servo.c:2200:14:Feedback360_Wrap360	16	static
../Core/Src/Feedback360Servo.c:2215:14:Feedback360_AngleErrorDeg	24	static
../Core/Src/Feedback360Servo.c:2237:14:Feedback360_WrappedToCableNeutralDeg	24	static
../Core/Src/Feedback360Servo.c:2250:13:Feedback360_UpdateCableDebugFlags	16	static
../Core/Src/Feedback360Servo.c:2261:13:Feedback360_UpdateCableUnwrappedFromWrapped	24	static
../Core/Src/Feedback360Servo.c:2291:14:Feedback360_SelectCableSafeTarget	56	static
../Core/Src/Feedback360Servo.c:2385:13:Feedback360_ResetVelocityEstimator	4	static
../Core/Src/Feedback360Servo.c:2394:14:Feedback360_UpdateVelocityDegPerSec	32	static
../Core/Src/Feedback360Servo.c:2437:14:Feedback360_LimitSignedCommandUs	24	static
../Core/Src/Feedback360Servo.c:2467:17:Feedback360_ClampPulseUs	16	static
../Core/Src/Feedback360Servo.c:2482:13:Feedback360_SetPulseUs	16	static
../Core/Src/Feedback360Servo.c:2491:14:Feedback360_DutyToRawAngleDeg	24	static
../Core/Src/Feedback360Servo.c:2533:14:Feedback360_RawAngleToMotorAngleDeg	24	static
../Core/Src/Feedback360Servo.c:2546:26:Feedback360_ConfigFeedbackPwmInput	48	static
../Core/Src/Feedback360Servo.c:2592:19:Feedback360Servo_Init	16	static
../Core/Src/Feedback360Servo.c:2659:6:Feedback360Servo_Stop	8	static
../Core/Src/Feedback360Servo.c:2665:6:Feedback360Servo_ResetTarget	8	static
../Core/Src/Feedback360Servo.c:2680:7:Feedback360Servo_GetAngleDeg	4	static
../Core/Src/Feedback360Servo.c:2685:7:Feedback360Servo_GetRawAngleDeg	4	static
../Core/Src/Feedback360Servo.c:2690:7:Feedback360Servo_GetUnwrappedAngleDeg	4	static
../Core/Src/Feedback360Servo.c:2695:6:Feedback360Servo_ResetCableReferenceAtCurrentAngle	8	static
../Core/Src/Feedback360Servo.c:2714:9:Feedback360Servo_IsFeedbackValid	4	static
../Core/Src/Feedback360Servo.c:2719:10:Feedback360Servo_GetLastPulseUs	4	static
../Core/Src/Feedback360Servo.c:2724:6:Feedback360Servo_SetRawPulseUs	16	static
../Core/Src/Feedback360Servo.c:2739:19:Feedback360Servo_SetTargetAngle0To359	16	static
../Core/Src/Feedback360Servo.c:2744:19:Feedback360Servo_SetTargetAbsAngle	16	static
../Core/Src/Feedback360Servo.c:2753:19:Feedback360Servo_SetTargetAzimuthRealtime	72	static
../Core/Src/Feedback360Servo.c:2946:6:Feedback360Servo_Task	16	static
../Core/Src/Feedback360Servo.c:2963:6:HAL_TIM_IC_CaptureCallback	32	static
