../Core/Src/main.c:85:9:CDC_Transmit_FS_Blocking	32	static
../Core/Src/main.c:113:6:HAL_TIM_PeriodElapsedCallback	16	static
../Core/Src/main.c:191:14:BF_Latch_Wrap360	16	static
../Core/Src/main.c:206:14:BF_Latch_AngleLerpDeg	32	static
../Core/Src/main.c:228:13:BF_Latch_ApplyTarget	16	static
../Core/Src/main.c:244:13:BF_Latch_ReleaseBeam	24	static
../Core/Src/main.c:282:13:BF_Latch_DebugUpdate	32	static
../Core/Src/main.c:316:13:BF_Latch_LockNow	24	static
../Core/Src/main.c:336:13:BF_Latch_StartNewCandidate	24	static
../Core/Src/main.c:366:13:BF_Latch_UpdateOneStream	40	static
../Core/Src/main.c:493:13:BF_Latch_UpdateFromDoaTracks	24	static
../Core/Src/main.c:1054:14:SoundElevation_AbsFloat	16	static
../Core/Src/main.c:1059:14:SoundElevation_Wrap360	16	static
../Core/Src/main.c:1074:14:SoundElevation_AngleDiffDeg	24	static
../Core/Src/main.c:1096:13:SoundElevation_BestFrameReset	8	static
../Core/Src/main.c:1118:14:SoundElevation_SelectMedian	72	static
../Core/Src/main.c:1149:13:SoundAndElevationMotor_ResetTarget	8	static
../Core/Src/main.c:1187:13:SoundAndElevationMotor_LatchElevation	24	static
../Core/Src/main.c:1220:16:SoundAndElevationMotor_TrySelectBestTdoaElevation	120	static
../Core/Src/main.c:1335:13:SoundAndElevationMotor_UpdateDebug	40	static
../Core/Src/main.c:1378:13:SoundAndElevationMotor_UpdateFromFirstSound	72	static
../Core/Src/main.c:1470:5:main	112	static,ignoring_inline_asm
../Core/Src/main.c:1636:6:SystemClock_Config	120	static
../Core/Src/main.c:1696:6:PeriphCommonClock_Config	200	static
../Core/Src/main.c:1719:6:HAL_HSEM_FreeCallback	16	static
../Core/Src/main.c:1734:6:Error_Handler	4	static,ignoring_inline_asm
