../Core/Src/MX28AR.c:39:17:DXL_UpdateCRC	24	static
../Core/Src/MX28AR.c:68:26:DXL2_SendPacket	96	static
../Core/Src/MX28AR.c:115:26:DXL2_Write1Byte	24	static
../Core/Src/MX28AR.c:126:26:DXL2_Write4Byte	24	static
../Core/Src/MX28AR.c:141:19:MX28AR_SetPositionMode	16	static
../Core/Src/MX28AR.c:160:26:MX28AR_TorqueEnable	16	static
../Core/Src/MX28AR.c:165:19:MX28AR_TorqueOn	8	static
../Core/Src/MX28AR.c:170:19:MX28AR_TorqueOff	8	static
../Core/Src/MX28AR.c:175:19:MX28AR_SetGoalPositionRaw	16	static
../Core/Src/MX28AR.c:184:19:MX28AR_SetGoalPositionDeg	24	static
../Core/Src/MX28AR.c:205:6:MX28AR_LED_On	8	static
../Core/Src/MX28AR.c:210:6:MX28AR_LED_Off	8	static
../Core/Src/MX28AR.c:216:6:MX28AR_LED_Toggle	8	static
../Core/Src/MX28AR.c:223:6:RS485_SendRaw	16	static
../Core/Src/MX28AR.c:233:19:MX28AR_SetStatusReturnLevel	16	static
../Core/Src/MX28AR.c:242:19:MX28AR_SetProfileAcceleration	16	static
../Core/Src/MX28AR.c:249:19:MX28AR_SetProfileVelocity	16	static
../Core/Src/MX28AR.c:257:19:MX28AR_SetExtendedPositionMode	16	static
../Core/Src/MX28AR.c:280:19:MX28AR_SetGoalPositionExtRaw	16	static
../Core/Src/MX28AR.c:306:14:MX28AR_WrapDeg360	16	static
../Core/Src/MX28AR.c:319:16:MX28AR_AzDegToRawMod	24	static
../Core/Src/MX28AR.c:343:16:MX28AR_PosMod4096	24	static
../Core/Src/MX28AR.c:360:16:MX28AR_ShortestDeltaRaw	24	static
../Core/Src/MX28AR.c:383:19:MX28AR_SetGoalPositionAzimuthRealtime	32	static
../Core/Src/MX28AR.c:420:19:MX28AR_InitRealtime	16	static
