../Core/Src/SoundMotorController.c:348:14:SoundMotor_Wrap360	16	static
../Core/Src/SoundMotorController.c:363:13:SoundMotor_DebugSetTarget	32	static
../Core/Src/SoundMotorController.c:389:13:SoundMotor_DebugClearTarget	4	static
../Core/Src/SoundMotorController.c:396:16:SoundMotor_GetBFTargetFromFirstSound	32	static
../Core/Src/SoundMotorController.c:452:26:SoundMotorController_WaitForFeedbackReady	32	static
../Core/Src/SoundMotorController.c:549:26:SoundMotorController_MoveToStartupHome	32	static
../Core/Src/SoundMotorController.c:679:19:SoundMotorController_Init	16	static
../Core/Src/SoundMotorController.c:783:6:SoundMotorController_ClearSourceTarget	8	static
../Core/Src/SoundMotorController.c:790:6:SoundMotorController_ResetTarget	8	static
../Core/Src/SoundMotorController.c:805:19:SoundMotorController_SetTargetAzimuthRealtime	24	static
../Core/Src/SoundMotorController.c:836:6:SoundMotorController_Task	8	static
../Core/Src/SoundMotorController.c:849:6:SoundMotorController_Update	64	static
