../Core/Src/SRP_PHAT.c:42669:16:DOA_IsRmsReleaseTailActive	24	static
../Core/Src/SRP_PHAT.c:42714:13:rfft_unpack_bins	24	static
../Core/Src/SRP_PHAT.c:42725:13:bins_pack_rfft	24	static
../Core/Src/SRP_PHAT.c:42734:21:dot3	16	static
../Core/Src/SRP_PHAT.c:42738:21:clampf	24	static
../Core/Src/SRP_PHAT.c:42744:21:wrap_deg_360	16	static
../Core/Src/SRP_PHAT.c:42750:21:signed_angdiff_deg	24	static
../Core/Src/SRP_PHAT.c:42757:20:unitvec_from_az_el	48	static
../Core/Src/SRP_PHAT.c:42769:21:angdiff_deg	24	static
../Core/Src/SRP_PHAT.c:42774:19:iabs_int	16	static
../Core/Src/SRP_PHAT.c:42782:21:fast_exp_approx	16	static
../Core/Src/SRP_PHAT.c:42796:21:unwrap_angle_near_ref_deg	32	static
../Core/Src/SRP_PHAT.c:42815:21:kf_measurement_noise_from_score	24	static
../Core/Src/SRP_PHAT.c:42862:17:DOA_abs_i16_u32	16	static
../Core/Src/SRP_PHAT.c:42870:14:DOA_FirstSoundWrap360	16	static
../Core/Src/SRP_PHAT.c:42880:16:DOA_FirstSoundFindOnsetSample	40	static
../Core/Src/SRP_PHAT.c:42904:16:DOA_FirstSoundIsEarlier	16	static
../Core/Src/SRP_PHAT.c:42914:14:DOA_FirstSoundBoardAzToMotorAz	24	static
../Core/Src/SRP_PHAT.c:42931:7:DOA_ConvertBoardAzToMotorAz	16	static
../Core/Src/SRP_PHAT.c:42935:13:DOA_FirstSoundSelect	16	static
../Core/Src/SRP_PHAT.c:42949:13:DOA_FirstSoundResolve	24	static
../Core/Src/SRP_PHAT.c:43001:13:DOA_FirstSoundUpdateOnset	40	static
../Core/Src/SRP_PHAT.c:43040:13:DOA_FirstSoundUpdateTarget	80	static
../Core/Src/SRP_PHAT.c:43113:13:DOA_ResetTrackingAfterLongSilence	24	static
../Core/Src/SRP_PHAT.c:43207:13:DOA_FirstSoundMaintenance	24	static
../Core/Src/SRP_PHAT.c:43244:9:DOA_GetFirstSoundMotorTarget	24	static
../Core/Src/SRP_PHAT.c:43252:6:DOA_ResetFirstSoundMotorTarget	8	static
../Core/Src/SRP_PHAT.c:43296:13:DOA_ContextInit	16	static
../Core/Src/SRP_PHAT.c:43313:13:DOA_LoadContext	32	static
../Core/Src/SRP_PHAT.c:43356:13:DOA_SaveContext	32	static
../Core/Src/SRP_PHAT.c:43392:13:DOA_InvalidateDCacheRange	40	static,ignoring_inline_asm
../Core/Src/SRP_PHAT.c:43399:17:DOA_GetActiveStreamMask	8	static
../Core/Src/SRP_PHAT.c:43405:16:DOA_IsStreamActive	16	static
../Core/Src/SRP_PHAT.c:43413:17:DOA_SharedSlotOffset	16	static
../Core/Src/SRP_PHAT.c:43421:16:DOA_CopySharedSlotToLocal	56	static
../Core/Src/SRP_PHAT.c:43491:16:DOA_ReadNextHop	32	static
../Core/Src/SRP_PHAT.c:43539:13:set_hold_from_slot_result	24	static
../Core/Src/SRP_PHAT.c:43551:13:get_hold_for_slot	24	static
../Core/Src/SRP_PHAT.c:43566:13:smooth_doa	56	static
../Core/Src/SRP_PHAT.c:43599:13:tracks_reset	8	static
../Core/Src/SRP_PHAT.c:43607:6:doa_init	64	static
../Core/Src/SRP_PHAT.c:43661:13:compute_channel_fft	32	static
../Core/Src/SRP_PHAT.c:43677:14:srp_linear_weight	24	static
../Core/Src/SRP_PHAT.c:43683:13:SRP_UpdateSpectralNoiseModel	48	static
../Core/Src/SRP_PHAT.c:43714:13:SRP_ResetCoherenceStream	16	static
../Core/Src/SRP_PHAT.c:43723:13:SRP_UpdateCoherenceStatsFromXc	80	static
../Core/Src/SRP_PHAT.c:43763:14:SRP_GetBinSnrWeight	56	static
../Core/Src/SRP_PHAT.c:43788:14:SRP_GetBinCoherenceWeight	48	static
../Core/Src/SRP_PHAT.c:43812:13:SRP_BuildSubbandGcc	56	static
../Core/Src/SRP_PHAT.c:43841:13:compute_gcc_phat_from_Xc	128	static
../Core/Src/SRP_PHAT.c:43936:13:compute_gcc_phat_time	16	static
../Core/Src/SRP_PHAT.c:43944:21:gcc_at_lag_interp	40	static
../Core/Src/SRP_PHAT.c:43960:14:second_elevation_srp_score_at	56	static
../Core/Src/SRP_PHAT.c:43975:19:second_gcc_find_peak_lag_for_ls	96	static
../Core/Src/SRP_PHAT.c:44016:14:estimate_elevation_tdoa_ls_follow_az_from_second_code	88	static
../Core/Src/SRP_PHAT.c:44076:16:estimate_elevation_from_first_code_ls	176	static
../Core/Src/SRP_PHAT.c:44155:14:second_elevation_srp_scan_raw	88	static
../Core/Src/SRP_PHAT.c:44264:14:estimate_elevation_from_second_code	40	static
../Core/Src/SRP_PHAT.c:44305:13:refine_top2_elevation_from_second_code	56	static
../Core/Src/SRP_PHAT.c:44352:21:gcc_at_int_lag	24	static
../Core/Src/SRP_PHAT.c:44359:13:sort_pair_peaks_desc	40	static
../Core/Src/SRP_PHAT.c:44372:13:insert_pair_peak_sorted	32	static
../Core/Src/SRP_PHAT.c:44403:13:extract_gcc_peaks_for_pair	72	static
../Core/Src/SRP_PHAT.c:44442:13:extract_gcc_peaks_all_pairs	16	static
../Core/Src/SRP_PHAT.c:44448:14:predicted_lag_for_az0_pair	40	static
../Core/Src/SRP_PHAT.c:44456:14:tdoa_assignment_cost_for_peak	72	static
../Core/Src/SRP_PHAT.c:44494:13:assign_tdoa_peaks_exclusive	64	static
../Core/Src/SRP_PHAT.c:44529:12:solve_tdoa_ls_xy_from_assigned_peaks	152	static
../Core/Src/SRP_PHAT.c:44616:13:refine_top2_elevation_exclusive	88	static
../Core/Src/SRP_PHAT.c:44653:13:SRP_UpdatePairPeaks	56	static
../Core/Src/SRP_PHAT.c:44692:14:SRP_ScoreAtAz	56	static
../Core/Src/SRP_PHAT.c:44715:14:SRP_SubbandScoreAtAz	48	static
../Core/Src/SRP_PHAT.c:44728:16:SRP_GetSubbandConsensus	80	static
../Core/Src/SRP_PHAT.c:44769:13:SRP_PredictTracksOnRejectedMeasurement	16	static
../Core/Src/SRP_PHAT.c:44785:13:srp_scan_top2	96	static
../Core/Src/SRP_PHAT.c:44888:13:kf_init_track	16	static
../Core/Src/SRP_PHAT.c:44899:13:kf_predict_track	40	static
../Core/Src/SRP_PHAT.c:44919:13:kf_update_track	64	static
../Core/Src/SRP_PHAT.c:44949:12:find_free_track_slot	16	static
../Core/Src/SRP_PHAT.c:44956:13:update_track_delays	56	static
../Core/Src/SRP_PHAT.c:44975:13:deactivate_track_slot	24	static
../Core/Src/SRP_PHAT.c:44984:12:is_far_enough_from_active_tracks	24	static
../Core/Src/SRP_PHAT.c:44996:13:track_birth_from_candidate	24	static
../Core/Src/SRP_PHAT.c:45018:13:track_decay_all_when_long_silence	16	static
../Core/Src/SRP_PHAT.c:45038:14:association_cost	64	static
../Core/Src/SRP_PHAT.c:45076:13:solve_assoc_dfs	40	static
../Core/Src/SRP_PHAT.c:45100:13:track_update_from_top2	120	static
../Core/Src/SRP_PHAT.c:45180:12:find_track_index_by_id	24	static
../Core/Src/SRP_PHAT.c:45189:13:update_output_slots	56	static
../Core/Src/SRP_PHAT.c:45246:13:beamform_one_track_freq	64	static
../Core/Src/SRP_PHAT.c:45270:14:compute_bin_direction_score_for_track	112	static
../Core/Src/SRP_PHAT.c:45321:13:compute_track_bin_scores	16	static
../Core/Src/SRP_PHAT.c:45333:13:compute_soft_masks_from_scores	48	static
../Core/Src/SRP_PHAT.c:45361:13:apply_track_soft_mask	24	static
../Core/Src/SRP_PHAT.c:45379:13:synthesize_one_track_to_hop	32	static
../Core/Src/SRP_PHAT.c:45391:13:zero_track_output	16	static
../Core/Src/SRP_PHAT.c:45398:13:separate_active_tracks	16	static
../Core/Src/SRP_PHAT.c:45420:14:doa_process_frame	96	static
../Core/Src/SRP_PHAT.c:45438:5:doa_process_frame_top2	56	static
../Core/Src/SRP_PHAT.c:45468:5:doa_process_frame_separate	88	static
../Core/Src/SRP_PHAT.c:45562:13:DOA_UpdatePerChannelRmsDebug	136	static
../Core/Src/SRP_PHAT.c:45604:13:DOA_AdaptiveRmsUpdateThresholds	24	static
../Core/Src/SRP_PHAT.c:45637:16:DOA_AdaptiveRmsGateProcess	40	static
../Core/Src/SRP_PHAT.c:45723:9:audio_present_rms_i16	96	static
../Core/Src/SRP_PHAT.c:45786:13:output_tracks_debug_text	4	static
../Core/Src/SRP_PHAT.c:45808:16:DOA_FloatToTenthsSigned	16	static
../Core/Src/SRP_PHAT.c:45816:17:DOA_AzimuthToTenths	24	static
../Core/Src/SRP_PHAT.c:45889:13:DOA_UpdateLatestTracks	32	static
../Core/Src/SRP_PHAT.c:45904:9:DOA_GetLatestTracks	32	static
../Core/Src/SRP_PHAT.c:45916:9:DOA_GetAudioPresentForStream	16	static
../Core/Src/SRP_PHAT.c:45924:10:DOA_GetLastRmsForStream	16	static
../Core/Src/SRP_PHAT.c:45932:10:DOA_GetSilenceHopsForStream	16	static
../Core/Src/SRP_PHAT.c:45940:9:DOA_GetPrimaryTarget	24	static
../Core/Src/SRP_PHAT.c:45960:9:DOA_GetPrimaryTargetForStream	24	static
../Core/Src/SRP_PHAT.c:45984:13:DOA_SetLedForStream	24	static
../Core/Src/SRP_PHAT.c:46041:9:DOA_GetLedRawAzimuthForStream	24	static
../Core/Src/SRP_PHAT.c:46057:13:DOA_UpdateLatestTrackOne	24	static
../Core/Src/SRP_PHAT.c:46065:16:Degree_ProcessOneStream	112	static
../Core/Src/SRP_PHAT.c:46202:6:Degree_Proccess	24	static
