../Core/Src/CLI.c:20:6:UART4_CLI_SendString	16	static
../Core/Src/CLI.c:30:12:UART4_CLI_TokenIs	24	static
../Core/Src/CLI.c:50:13:UART4_CLI_PrintHex8	24	static
../Core/Src/CLI.c:64:13:UART4_CLI_PrintHex16	24	static
../Core/Src/CLI.c:80:6:UART4_CLI_PrintPrompt	8	static
../Core/Src/CLI.c:85:13:UART4_CLI_PrintStatus	56	static
../Core/Src/CLI.c:100:13:UART4_CLI_PrintHelp	8	static
../Core/Src/CLI.c:136:12:UART4_CLI_ParseDevice	24	static
../Core/Src/CLI.c:160:12:UART4_CLI_ParseU16	24	static
../Core/Src/CLI.c:180:12:UART4_CLI_ParseU8	24	static
../Core/Src/CLI.c:251:13:UART4_CLI_HandlePCMDRead	24	static
../Core/Src/CLI.c:286:13:UART4_CLI_HandlePCMDWrite	32	static
../Core/Src/CLI.c:315:13:UART4_CLI_HandlePCMDDump	40	static
../Core/Src/CLI.c:378:13:UART4_CLI_HandlePCMDInit	8	static
../Core/Src/CLI.c:385:13:UART4_CLI_HandleADAURead	24	static
../Core/Src/CLI.c:419:13:UART4_CLI_HandleADAUWrite	32	static
../Core/Src/CLI.c:447:13:UART4_CLI_HandleADAUDump	40	static
../Core/Src/CLI.c:509:13:UART4_CLI_HandleADAUInit	24	static
../Core/Src/CLI.c:553:13:UART4_CLI_HandleLine	40	static
../Core/Src/CLI.c:686:6:UART4_CLI_Start	8	static
../Core/Src/CLI.c:700:6:UART4_CLI_Process	112	static,ignoring_inline_asm
../Core/Src/CLI.c:739:6:HAL_UART_RxCpltCallback	24	static
../Core/Src/CLI.c:781:6:HAL_UART_ErrorCallback	16	static
