../STM32_AcousticBF_Library/Src/acoustic_bf_cardoid.c:190:10:AcousticBF_cardoid_Init	24	static
../STM32_AcousticBF_Library/Src/acoustic_bf_cardoid.c:224:10:AcousticBF_cardoid_GetMemorySize	56	static
../STM32_AcousticBF_Library/Src/acoustic_bf_cardoid.c:268:10:AcousticBF_cardoid_SetHWIP	24	static
../STM32_AcousticBF_Library/Src/acoustic_bf_cardoid.c:285:10:AcousticBF_cardoid_FirstStep	40	static
../STM32_AcousticBF_Library/Src/acoustic_bf_cardoid.c:292:10:AcousticBF_cardoid_SecondStep	32	static
../STM32_AcousticBF_Library/Src/acoustic_bf_cardoid.c:314:10:AcousticBF_cardoid_RegisterPostProc	24	static
../STM32_AcousticBF_Library/Src/acoustic_bf_cardoid.c:331:10:AcousticBF_cardoid_SetConfig	40	static
../STM32_AcousticBF_Library/Src/acoustic_bf_cardoid.c:422:10:AcousticBF_cardoid_GetConfig	24	static
../STM32_AcousticBF_Library/Src/acoustic_bf_cardoid.c:443:10:AcousticBF_cardoid_GetLibVersion	64	static
../STM32_AcousticBF_Library/Src/acoustic_bf_cardoid.c:457:17:s_storeUserConf	24	static
../STM32_AcousticBF_Library/Src/acoustic_bf_cardoid.c:564:17:s_initContext	32	static
../STM32_AcousticBF_Library/Src/acoustic_bf_cardoid.c:704:13:s_runSecondStep	40	static
../STM32_AcousticBF_Library/Src/acoustic_bf_cardoid.c:714:17:s_initPdmFilter	32	static
../STM32_AcousticBF_Library/Src/acoustic_bf_cardoid.c:736:17:s_initPcmAndDelayInstances	24	static
../STM32_AcousticBF_Library/Src/acoustic_bf_cardoid.c:769:17:s_initPdmAndDelayInstances	80	static
../STM32_AcousticBF_Library/Src/acoustic_bf_cardoid.c:930:13:s_setRearBf	16	static
../STM32_AcousticBF_Library/Src/acoustic_bf_cardoid.c:942:16:s_isFrameReady	24	static
../STM32_AcousticBF_Library/Src/acoustic_bf_cardoid.c:954:17:s_setEndianess	24	static
../STM32_AcousticBF_Library/Src/acoustic_bf_cardoid.c:980:13:s_storeCardoidsFrontRear	32	static
../STM32_AcousticBF_Library/Src/acoustic_bf_cardoid.c:1023:13:s_storeCardoidsFront	32	static
../STM32_AcousticBF_Library/Src/acoustic_bf_cardoid.c:1061:17:s_getPdmDecRatio	24	static
../STM32_AcousticBF_Library/Src/acoustic_bf_cardoid.c:1096:16:s_firstStepPdmDelayPdmFrontRear	80	static
../STM32_AcousticBF_Library/Src/acoustic_bf_cardoid.c:1133:16:s_firstStepPdmDelayPdmFront	64	static
../STM32_AcousticBF_Library/Src/acoustic_bf_cardoid.c:1159:16:s_firstStepPdmDelayPcmFrontRear	48	static
../STM32_AcousticBF_Library/Src/acoustic_bf_cardoid.c:1175:16:s_firstStepPdmDelayPcmFront	48	static
../STM32_AcousticBF_Library/Src/acoustic_bf_cardoid.c:1192:16:s_firstStepPcmDelayedFrontRear	48	static
../STM32_AcousticBF_Library/Src/acoustic_bf_cardoid.c:1212:16:s_firstStepPcmDelayedFront	48	static
../STM32_AcousticBF_Library/Src/acoustic_bf_cardoid.c:1231:16:s_firstStepPcmNoDelayFrontRear	56	static
../STM32_AcousticBF_Library/Src/acoustic_bf_cardoid.c:1260:16:s_firstStepPcmNoDelayFront	48	static
../STM32_AcousticBF_Library/Src/acoustic_bf_cardoid.c:1285:16:s_runPcmDelayedFrontRear	48	static
../STM32_AcousticBF_Library/Src/acoustic_bf_cardoid.c:1308:16:s_runPcmDelayedFront	40	static
