../STM32_AcousticBF_Library/Src/libBeamforming.c:102:17:libBeamforming_Init	48	static
../STM32_AcousticBF_Library/Src/libBeamforming.c:201:17:libBeamforming_getMemorySize	64	static
../STM32_AcousticBF_Library/Src/libBeamforming.c:251:17:libBeamforming_FirstStep	32	static
../STM32_AcousticBF_Library/Src/libBeamforming.c:257:17:libBeamforming_SecondStep	24	static
../STM32_AcousticBF_Library/Src/libBeamforming.c:263:17:libBeamforming_setConfig	48	static
../STM32_AcousticBF_Library/Src/libBeamforming.c:333:17:libBeamforming_setHWIP	24	static
../STM32_AcousticBF_Library/Src/libBeamforming.c:350:17:libBeamforming_getConfig	40	static
../STM32_AcousticBF_Library/Src/libBeamforming.c:373:17:libBeamforming_getControl	32	static
../STM32_AcousticBF_Library/Src/libBeamforming.c:399:17:s_storeUserConf	24	static
../STM32_AcousticBF_Library/Src/libBeamforming.c:419:17:s_runPostProc	48	static
../STM32_AcousticBF_Library/Src/libBeamforming.c:448:13:s_setDenoiser	24	static
../STM32_AcousticBF_Library/Src/libBeamforming.c:462:13:s_setAdaptive	24	static
../STM32_AcousticBF_Library/Src/libBeamforming.c:476:17:s_initSpeex	24	static
../STM32_AcousticBF_Library/Src/libBeamforming.c:494:13:s_mixer_init	32	static
../STM32_AcousticBF_Library/Src/libBeamforming.c:510:13:s_mixer_process_gain	32	static
../STM32_AcousticBF_Library/Src/libBeamforming.c:532:13:s_mixer_process	48	static
../STM32_AcousticBF_Library/Src/libBeamforming.c:541:13:s_energy_init	24	static
../STM32_AcousticBF_Library/Src/libBeamforming.c:547:13:s_energy_process	48	static
../STM32_AcousticBF_Library/Src/libBeamforming.c:573:21:s_int16ToFloat	16	static
../STM32_AcousticBF_Library/Src/libBeamforming.c:584:23:s_floatToInt16	24	static
../STM32_AcousticBF_Library/Src/acoustic_bf.c:50:10:AcousticBF_Init	16	static
../STM32_AcousticBF_Library/Src/acoustic_bf.c:66:10:AcousticBF_FirstStep	24	static
../STM32_AcousticBF_Library/Src/acoustic_bf.c:76:10:AcousticBF_SecondStep	16	static
../STM32_AcousticBF_Library/Src/acoustic_bf.c:90:10:AcousticBF_setConfig	16	static
../STM32_AcousticBF_Library/Src/acoustic_bf.c:101:10:AcousticBF_getConfig	16	static
../STM32_AcousticBF_Library/Src/acoustic_bf.c:112:10:AcousticBF_getControl	16	static
../STM32_AcousticBF_Library/Src/acoustic_bf.c:123:10:AcousticBF_getMemorySize	16	static
../STM32_AcousticBF_Library/Src/acoustic_bf.c:135:10:AcousticBF_SetHWIP	16	static
../STM32_AcousticBF_Library/Src/acoustic_bf.c:146:10:AcousticBF_GetLibVersion	16	static
