C:/Users/MSI/Documents/00_KC_Project/07_speech_compass/01_work/RobotEar_odas/RobotEar_stm32h755_Tsst/00. Test/RobotEar_H755/CM7/STM32_AcousticBF_Library/Inc/defines.h:209:25:my_sqrt	32	static
../STM32_AcousticBF_Library/Src/filterbank.c:31:13:filterbank_new	80	static
../STM32_AcousticBF_Library/Src/filterbank.c:96:13:filterbank_compute_bank32	32	static
../STM32_AcousticBF_Library/Src/filterbank.c:114:13:filterbank_compute_psd16	40	static
../STM32_AcousticBF_Library/Src/adaptive.c:111:28:mdf_inner_prod	32	static
../STM32_AcousticBF_Library/Src/adaptive.c:119:20:power_spectrum	24	static
../STM32_AcousticBF_Library/Src/adaptive.c:127:20:power_spectrum_accum	32	static
../STM32_AcousticBF_Library/Src/adaptive.c:145:20:spectral_mul_accum	24	static
../STM32_AcousticBF_Library/Src/adaptive.c:156:20:weighted_spectral_mul_conj	48	static
../STM32_AcousticBF_Library/Src/adaptive.c:178:20:mdf_adjust_prop	40	static
../STM32_AcousticBF_Library/Src/adaptive.c:196:13:adaptivestate_init_mc	56	static
../STM32_AcousticBF_Library/Src/adaptive.c:288:13:adaptivestate_reset	40	static
../STM32_AcousticBF_Library/Src/adaptive.c:352:14:adaptive_A_run	160	static
../STM32_AcousticBF_Library/Src/adaptive.c:781:13:adaptiveget_residual	40	static
../STM32_AcousticBF_Library/Src/denoiser.c:115:13:conj_window	48	static
../STM32_AcousticBF_Library/Src/denoiser.c:159:28:hypergeom_gain	40	static
../STM32_AcousticBF_Library/Src/denoiser.c:185:28:qcurve	16	static
../STM32_AcousticBF_Library/Src/denoiser.c:190:13:compute_gain_floor	56	static
../STM32_AcousticBF_Library/Src/denoiser.c:206:13:denoiserstate_init	48	static
../STM32_AcousticBF_Library/Src/denoiser.c:313:13:denoiser_analize	40	static
../STM32_AcousticBF_Library/Src/denoiser.c:351:13:update_noise_prob	32	static
../STM32_AcousticBF_Library/Src/denoiser.c:423:16:denoiser_A_run	104	static
../STM32_AcousticBF_Library/Src/denoiser.c:624:16:denoiser_setup	32	static
../STM32_AcousticBF_Library/Src/smallft.c:55:13:drfti1	112	static
../STM32_AcousticBF_Library/Src/smallft.c:125:13:fdrffti	24	static
../STM32_AcousticBF_Library/Src/smallft.c:131:13:dradf2	72	static
../STM32_AcousticBF_Library/Src/smallft.c:186:13:dradf4	120	static
../STM32_AcousticBF_Library/Src/smallft.c:288:13:dradfg	160	static
../STM32_AcousticBF_Library/Src/smallft.c:590:13:drftf1	104	static
../STM32_AcousticBF_Library/Src/smallft.c:651:13:dradb2	72	static
../STM32_AcousticBF_Library/Src/smallft.c:703:13:dradb3	120	static
../STM32_AcousticBF_Library/Src/smallft.c:766:13:dradb4	128	static
../STM32_AcousticBF_Library/Src/smallft.c:857:13:dradbg	160	static
../STM32_AcousticBF_Library/Src/smallft.c:1171:13:drftb1	96	static
../STM32_AcousticBF_Library/Src/smallft.c:1249:13:drft_forward	24	static
../STM32_AcousticBF_Library/Src/smallft.c:1254:13:drft_backward	24	static
../STM32_AcousticBF_Library/Src/smallft.c:1259:13:drft_init	16	static
../STM32_AcousticBF_Library/Src/acoustic_bf_speex.c:68:10:AcousticBF_speex_Init	32	static
../STM32_AcousticBF_Library/Src/acoustic_bf_speex.c:96:10:s_InitDenoiser	24	static
../STM32_AcousticBF_Library/Src/acoustic_bf_speex.c:108:10:s_InitAdaptive	32	static
../STM32_AcousticBF_Library/Src/acoustic_bf_speex.c:118:10:AcousticBF_speex_GetMemorySize	24	static
../STM32_AcousticBF_Library/Src/acoustic_bf_speex.c:138:10:AcousticBF_speex_SetupDenoiser	24	static
../STM32_AcousticBF_Library/Src/acoustic_bf_speex.c:154:10:AcousticBF_speex_RunApadtive	32	static
../STM32_AcousticBF_Library/Src/acoustic_bf_speex.c:169:10:AcousticBF_speex_runDenoiser	24	static
../STM32_AcousticBF_Library/Src/acoustic_bf_speex.c:218:13:fft_init	16	static
../STM32_AcousticBF_Library/Src/acoustic_bf_speex.c:223:13:fft	32	static
../STM32_AcousticBF_Library/Src/acoustic_bf_speex.c:234:13:ifft	32	static
